2
5
11
17
24
32
34
36
37
42
48
59
60
77
78
86
104
105
110
115